// Jest Snapshot v1, https://goo.gl/fbAQLP

exports[`The AdminConsole stack matches the snapshot 1`] = `
{
  "Metadata": {
    "gu:cdk:constructs": [
      "GuAllowPolicy",
      "GuAllowPolicy",
      "GuGetS3ObjectsPolicy",
      "GuPutS3ObjectsPolicy",
      "GuAllowPolicy",
      "GuVpcParameter",
      "GuSubnetListParameter",
      "GuSubnetListParameter",
      "GuEc2App",
      "GuCertificate",
      "GuInstanceRole",
      "GuSsmSshPolicy",
      "GuDescribeEC2Policy",
      "GuLoggingStreamNameParameter",
      "GuLogShippingPolicy",
      "GuDistributionBucketParameter",
      "GuGetDistributablePolicy",
      "GuParameterStoreReadPolicy",
      "GuAmiParameter",
      "GuHttpsEgressSecurityGroup",
      "GuWazuhAccess",
      "GuAutoScalingGroup",
      "GuApplicationLoadBalancer",
      "GuApplicationTargetGroup",
      "GuHttpsApplicationListener",
      "GuAlb5xxPercentageAlarm",
      "GuUnhealthyInstancesAlarm",
      "GuCname",
      "GuStringParameter",
      "GuDynamoDBReadPolicy",
      "GuGetS3ObjectsPolicy",
    ],
    "gu:cdk:version": "TEST",
  },
  "Outputs": {
    "LoadBalancerAdminconsoleDnsName": {
      "Description": "DNS entry for LoadBalancerAdminconsole",
      "Value": {
        "Fn::GetAtt": [
          "LoadBalancerAdminconsole69251694",
          "DNSName",
        ],
      },
    },
  },
  "Parameters": {
    "AMIAdminconsole": {
      "Description": "Amazon Machine Image ID for the app admin-console. Use this in conjunction with AMIgo to keep AMIs up to date.",
      "Type": "AWS::EC2::Image::Id",
    },
    "CapiAccountId": {
      "Description": "ID of the CAPI aws account",
      "Type": "String",
    },
    "DistributionBucketName": {
      "Default": "/account/services/artifact.bucket",
      "Description": "SSM parameter containing the S3 bucket name holding distribution artifacts",
      "Type": "AWS::SSM::Parameter::Value<String>",
    },
    "LoggingStreamName": {
      "Default": "/account/services/logging.stream.name",
      "Description": "SSM parameter containing the Name (not ARN) on the kinesis stream",
      "Type": "AWS::SSM::Parameter::Value<String>",
    },
    "VpcId": {
      "Default": "/account/vpc/primary/id",
      "Description": "Virtual Private Cloud to run EC2 instances within. Should NOT be the account default VPC.",
      "Type": "AWS::SSM::Parameter::Value<AWS::EC2::VPC::Id>",
    },
    "adminconsolePrivateSubnets": {
      "Default": "/account/vpc/primary/subnets/private",
      "Description": "A list of private subnets",
      "Type": "AWS::SSM::Parameter::Value<List<AWS::EC2::Subnet::Id>>",
    },
    "adminconsolePublicSubnets": {
      "Default": "/account/vpc/primary/subnets/public",
      "Description": "A list of public subnets",
      "Type": "AWS::SSM::Parameter::Value<List<AWS::EC2::Subnet::Id>>",
    },
  },
  "Resources": {
    "AlbSsmParam485C1D52": {
      "Properties": {
        "DataType": "text",
        "Description": "The arn of the ALB for amiable-PROD. N.B. this parameter is created via cdk",
        "Name": "/infosec/waf/services/PROD/support-admin-console-alb-arn",
        "Tags": {
          "Stack": "support",
          "Stage": "PROD",
          "gu:cdk:version": "TEST",
          "gu:repo": "guardian/support-admin-console",
        },
        "Tier": "Standard",
        "Type": "String",
        "Value": {
          "Ref": "LoadBalancerAdminconsole69251694",
        },
      },
      "Type": "AWS::SSM::Parameter",
    },
    "AllowKnownMethods07D772B3": {
      "Properties": {
        "Actions": [
          {
            "TargetGroupArn": {
              "Ref": "TargetGroupAdminconsole160A1621",
            },
            "Type": "forward",
          },
        ],
        "Conditions": [
          {
            "Field": "http-request-method",
            "HttpRequestMethodConfig": {
              "Values": [
                "GET",
                "POST",
                "PUT",
                "DELETE",
                "HEAD",
              ],
            },
          },
        ],
        "ListenerArn": {
          "Ref": "ListenerAdminconsole3E633904",
        },
        "Priority": 1,
      },
      "Type": "AWS::ElasticLoadBalancingV2::ListenerRule",
    },
    "ArchivedBannerDesignsDynamoTable": {
      "DeletionPolicy": "Retain",
      "Properties": {
        "AttributeDefinitions": [
          {
            "AttributeName": "name",
            "AttributeType": "S",
          },
          {
            "AttributeName": "date",
            "AttributeType": "S",
          },
        ],
        "BillingMode": "PAY_PER_REQUEST",
        "KeySchema": [
          {
            "AttributeName": "name",
            "KeyType": "HASH",
          },
          {
            "AttributeName": "date",
            "KeyType": "RANGE",
          },
        ],
        "PointInTimeRecoverySpecification": {
          "PointInTimeRecoveryEnabled": true,
        },
        "TableName": "support-admin-console-archived-banner-designs-PROD",
        "Tags": [
          {
            "Key": "devx-backup-enabled",
            "Value": "true",
          },
          {
            "Key": "gu:cdk:version",
            "Value": "TEST",
          },
          {
            "Key": "gu:repo",
            "Value": "guardian/support-admin-console",
          },
          {
            "Key": "Stack",
            "Value": "support",
          },
          {
            "Key": "Stage",
            "Value": "PROD",
          },
        ],
      },
      "Type": "AWS::DynamoDB::Table",
      "UpdateReplacePolicy": "Retain",
    },
    "ArchivedChannelTestsDynamoTable": {
      "DeletionPolicy": "Retain",
      "Properties": {
        "AttributeDefinitions": [
          {
            "AttributeName": "channel",
            "AttributeType": "S",
          },
          {
            "AttributeName": "name",
            "AttributeType": "S",
          },
        ],
        "BillingMode": "PAY_PER_REQUEST",
        "KeySchema": [
          {
            "AttributeName": "channel",
            "KeyType": "HASH",
          },
          {
            "AttributeName": "name",
            "KeyType": "RANGE",
          },
        ],
        "PointInTimeRecoverySpecification": {
          "PointInTimeRecoveryEnabled": true,
        },
        "TableName": "support-admin-console-archived-channel-tests-PROD",
        "Tags": [
          {
            "Key": "devx-backup-enabled",
            "Value": "true",
          },
          {
            "Key": "gu:cdk:version",
            "Value": "TEST",
          },
          {
            "Key": "gu:repo",
            "Value": "guardian/support-admin-console",
          },
          {
            "Key": "Stack",
            "Value": "support",
          },
          {
            "Key": "Stage",
            "Value": "PROD",
          },
        ],
      },
      "Type": "AWS::DynamoDB::Table",
      "UpdateReplacePolicy": "Retain",
    },
    "AutoScalingGroupAdminconsoleASG0A6020EA": {
      "Properties": {
        "HealthCheckGracePeriod": 120,
        "HealthCheckType": "ELB",
        "LaunchTemplate": {
          "LaunchTemplateId": {
            "Ref": "supportPRODadminconsoleBBAF00DB",
          },
          "Version": {
            "Fn::GetAtt": [
              "supportPRODadminconsoleBBAF00DB",
              "LatestVersionNumber",
            ],
          },
        },
        "MaxSize": "2",
        "MetricsCollection": [
          {
            "Granularity": "1Minute",
          },
        ],
        "MinSize": "1",
        "Tags": [
          {
            "Key": "App",
            "PropagateAtLaunch": true,
            "Value": "admin-console",
          },
          {
            "Key": "gu:cdk:version",
            "PropagateAtLaunch": true,
            "Value": "TEST",
          },
          {
            "Key": "gu:repo",
            "PropagateAtLaunch": true,
            "Value": "guardian/support-admin-console",
          },
          {
            "Key": "LogKinesisStreamName",
            "PropagateAtLaunch": true,
            "Value": {
              "Ref": "LoggingStreamName",
            },
          },
          {
            "Key": "Stack",
            "PropagateAtLaunch": true,
            "Value": "support",
          },
          {
            "Key": "Stage",
            "PropagateAtLaunch": true,
            "Value": "PROD",
          },
        ],
        "TargetGroupARNs": [
          {
            "Ref": "TargetGroupAdminconsole160A1621",
          },
        ],
        "VPCZoneIdentifier": {
          "Ref": "adminconsolePrivateSubnets",
        },
      },
      "Type": "AWS::AutoScaling::AutoScalingGroup",
    },
    "BannerDesignsDynamoTable": {
      "DeletionPolicy": "Retain",
      "Properties": {
        "AttributeDefinitions": [
          {
            "AttributeName": "name",
            "AttributeType": "S",
          },
        ],
        "BillingMode": "PAY_PER_REQUEST",
        "KeySchema": [
          {
            "AttributeName": "name",
            "KeyType": "HASH",
          },
        ],
        "PointInTimeRecoverySpecification": {
          "PointInTimeRecoveryEnabled": true,
        },
        "TableName": "support-admin-console-banner-designs-PROD",
        "Tags": [
          {
            "Key": "devx-backup-enabled",
            "Value": "true",
          },
          {
            "Key": "gu:cdk:version",
            "Value": "TEST",
          },
          {
            "Key": "gu:repo",
            "Value": "guardian/support-admin-console",
          },
          {
            "Key": "Stack",
            "Value": "support",
          },
          {
            "Key": "Stage",
            "Value": "PROD",
          },
        ],
      },
      "Type": "AWS::DynamoDB::Table",
      "UpdateReplacePolicy": "Retain",
    },
    "BlockUnknownMethods281EDB58": {
      "Properties": {
        "Actions": [
          {
            "FixedResponseConfig": {
              "ContentType": "application/json",
              "MessageBody": "Unsupported http method",
              "StatusCode": "400",
            },
            "Type": "fixed-response",
          },
        ],
        "Conditions": [
          {
            "Field": "path-pattern",
            "PathPatternConfig": {
              "Values": [
                "*",
              ],
            },
          },
        ],
        "ListenerArn": {
          "Ref": "ListenerAdminconsole3E633904",
        },
        "Priority": 2,
      },
      "Type": "AWS::ElasticLoadBalancingV2::ListenerRule",
    },
    "CampaignsDynamoTable": {
      "DeletionPolicy": "Retain",
      "Properties": {
        "AttributeDefinitions": [
          {
            "AttributeName": "name",
            "AttributeType": "S",
          },
        ],
        "BillingMode": "PAY_PER_REQUEST",
        "KeySchema": [
          {
            "AttributeName": "name",
            "KeyType": "HASH",
          },
        ],
        "PointInTimeRecoverySpecification": {
          "PointInTimeRecoveryEnabled": true,
        },
        "TableName": "support-admin-console-campaigns-PROD",
        "Tags": [
          {
            "Key": "devx-backup-enabled",
            "Value": "true",
          },
          {
            "Key": "gu:cdk:version",
            "Value": "TEST",
          },
          {
            "Key": "gu:repo",
            "Value": "guardian/support-admin-console",
          },
          {
            "Key": "Stack",
            "Value": "support",
          },
          {
            "Key": "Stage",
            "Value": "PROD",
          },
        ],
      },
      "Type": "AWS::DynamoDB::Table",
      "UpdateReplacePolicy": "Retain",
    },
    "CertificateAdminconsole74B584AB": {
      "DeletionPolicy": "Retain",
      "Properties": {
        "DomainName": "support.gutools.co.uk",
        "Tags": [
          {
            "Key": "App",
            "Value": "admin-console",
          },
          {
            "Key": "gu:cdk:version",
            "Value": "TEST",
          },
          {
            "Key": "gu:repo",
            "Value": "guardian/support-admin-console",
          },
          {
            "Key": "Name",
            "Value": "AdminConsole/CertificateAdminconsole",
          },
          {
            "Key": "Stack",
            "Value": "support",
          },
          {
            "Key": "Stage",
            "Value": "PROD",
          },
        ],
        "ValidationMethod": "DNS",
      },
      "Type": "AWS::CertificateManager::Certificate",
      "UpdateReplacePolicy": "Retain",
    },
    "ChannelTestsAuditDynamoTable": {
      "DeletionPolicy": "Retain",
      "Properties": {
        "AttributeDefinitions": [
          {
            "AttributeName": "channelAndName",
            "AttributeType": "S",
          },
          {
            "AttributeName": "timestamp",
            "AttributeType": "S",
          },
        ],
        "BillingMode": "PAY_PER_REQUEST",
        "KeySchema": [
          {
            "AttributeName": "channelAndName",
            "KeyType": "HASH",
          },
          {
            "AttributeName": "timestamp",
            "KeyType": "RANGE",
          },
        ],
        "PointInTimeRecoverySpecification": {
          "PointInTimeRecoveryEnabled": true,
        },
        "TableName": "support-admin-console-channel-tests-audit-PROD",
        "Tags": [
          {
            "Key": "devx-backup-enabled",
            "Value": "true",
          },
          {
            "Key": "gu:cdk:version",
            "Value": "TEST",
          },
          {
            "Key": "gu:repo",
            "Value": "guardian/support-admin-console",
          },
          {
            "Key": "Stack",
            "Value": "support",
          },
          {
            "Key": "Stage",
            "Value": "PROD",
          },
        ],
        "TimeToLiveSpecification": {
          "AttributeName": "ttlInSecondsSinceEpoch",
          "Enabled": true,
        },
      },
      "Type": "AWS::DynamoDB::Table",
      "UpdateReplacePolicy": "Retain",
    },
    "ChannelTestsDynamoTable": {
      "DeletionPolicy": "Retain",
      "Properties": {
        "AttributeDefinitions": [
          {
            "AttributeName": "channel",
            "AttributeType": "S",
          },
          {
            "AttributeName": "name",
            "AttributeType": "S",
          },
          {
            "AttributeName": "campaignName",
            "AttributeType": "S",
          },
        ],
        "BillingMode": "PAY_PER_REQUEST",
        "GlobalSecondaryIndexes": [
          {
            "IndexName": "campaignName-name-index",
            "KeySchema": [
              {
                "AttributeName": "campaignName",
                "KeyType": "HASH",
              },
              {
                "AttributeName": "name",
                "KeyType": "RANGE",
              },
            ],
            "Projection": {
              "ProjectionType": "ALL",
            },
          },
        ],
        "KeySchema": [
          {
            "AttributeName": "channel",
            "KeyType": "HASH",
          },
          {
            "AttributeName": "name",
            "KeyType": "RANGE",
          },
        ],
        "PointInTimeRecoverySpecification": {
          "PointInTimeRecoveryEnabled": true,
        },
        "TableName": "support-admin-console-channel-tests-PROD",
        "Tags": [
          {
            "Key": "devx-backup-enabled",
            "Value": "true",
          },
          {
            "Key": "gu:cdk:version",
            "Value": "TEST",
          },
          {
            "Key": "gu:repo",
            "Value": "guardian/support-admin-console",
          },
          {
            "Key": "Stack",
            "Value": "support",
          },
          {
            "Key": "Stage",
            "Value": "PROD",
          },
        ],
      },
      "Type": "AWS::DynamoDB::Table",
      "UpdateReplacePolicy": "Retain",
    },
    "CloudwatchA324BFA2": {
      "Properties": {
        "PolicyDocument": {
          "Statement": [
            {
              "Action": [
                "logs:CreateLogGroup",
                "logs:CreateLogStream",
                "logs:PutLogEvents",
              ],
              "Effect": "Allow",
              "Resource": "arn:aws:logs:*:*:*",
            },
          ],
          "Version": "2012-10-17",
        },
        "PolicyName": "CloudwatchA324BFA2",
        "Roles": [
          {
            "Ref": "InstanceRoleAdminconsole347DA627",
          },
        ],
      },
      "Type": "AWS::IAM::Policy",
    },
    "DescribeEC2PolicyFF5F9295": {
      "Properties": {
        "PolicyDocument": {
          "Statement": [
            {
              "Action": [
                "autoscaling:DescribeAutoScalingInstances",
                "autoscaling:DescribeAutoScalingGroups",
                "ec2:DescribeTags",
                "ec2:DescribeInstances",
              ],
              "Effect": "Allow",
              "Resource": "*",
            },
          ],
          "Version": "2012-10-17",
        },
        "PolicyName": "describe-ec2-policy",
        "Roles": [
          {
            "Ref": "InstanceRoleAdminconsole347DA627",
          },
        ],
      },
      "Type": "AWS::IAM::Policy",
    },
    "DynamoReadPolicy15DC9FD5": {
      "Properties": {
        "PolicyDocument": {
          "Statement": [
            {
              "Action": [
                "dynamodb:BatchGetItem",
                "dynamodb:GetItem",
                "dynamodb:Scan",
                "dynamodb:Query",
                "dynamodb:GetRecords",
              ],
              "Effect": "Allow",
              "Resource": [
                {
                  "Fn::Join": [
                    "",
                    [
                      "arn:aws:dynamodb:",
                      {
                        "Ref": "AWS::Region",
                      },
                      ":",
                      {
                        "Ref": "AWS::AccountId",
                      },
                      ":table/",
                      {
                        "Ref": "ChannelTestsDynamoTable",
                      },
                    ],
                  ],
                },
                {
                  "Fn::Join": [
                    "",
                    [
                      "arn:aws:dynamodb:",
                      {
                        "Ref": "AWS::Region",
                      },
                      ":",
                      {
                        "Ref": "AWS::AccountId",
                      },
                      ":table/",
                      {
                        "Ref": "ChannelTestsDynamoTable",
                      },
                      "/index/*",
                    ],
                  ],
                },
                {
                  "Fn::Join": [
                    "",
                    [
                      "arn:aws:dynamodb:",
                      {
                        "Ref": "AWS::Region",
                      },
                      ":",
                      {
                        "Ref": "AWS::AccountId",
                      },
                      ":table/",
                      {
                        "Ref": "CampaignsDynamoTable",
                      },
                    ],
                  ],
                },
                {
                  "Fn::Join": [
                    "",
                    [
                      "arn:aws:dynamodb:",
                      {
                        "Ref": "AWS::Region",
                      },
                      ":",
                      {
                        "Ref": "AWS::AccountId",
                      },
                      ":table/",
                      {
                        "Ref": "CampaignsDynamoTable",
                      },
                      "/index/*",
                    ],
                  ],
                },
                {
                  "Fn::Join": [
                    "",
                    [
                      "arn:aws:dynamodb:",
                      {
                        "Ref": "AWS::Region",
                      },
                      ":",
                      {
                        "Ref": "AWS::AccountId",
                      },
                      ":table/",
                      {
                        "Ref": "ArchivedChannelTestsDynamoTable",
                      },
                    ],
                  ],
                },
                {
                  "Fn::Join": [
                    "",
                    [
                      "arn:aws:dynamodb:",
                      {
                        "Ref": "AWS::Region",
                      },
                      ":",
                      {
                        "Ref": "AWS::AccountId",
                      },
                      ":table/",
                      {
                        "Ref": "ArchivedChannelTestsDynamoTable",
                      },
                      "/index/*",
                    ],
                  ],
                },
                {
                  "Fn::Join": [
                    "",
                    [
                      "arn:aws:dynamodb:",
                      {
                        "Ref": "AWS::Region",
                      },
                      ":",
                      {
                        "Ref": "AWS::AccountId",
                      },
                      ":table/",
                      {
                        "Ref": "ChannelTestsAuditDynamoTable",
                      },
                    ],
                  ],
                },
                {
                  "Fn::Join": [
                    "",
                    [
                      "arn:aws:dynamodb:",
                      {
                        "Ref": "AWS::Region",
                      },
                      ":",
                      {
                        "Ref": "AWS::AccountId",
                      },
                      ":table/",
                      {
                        "Ref": "ChannelTestsAuditDynamoTable",
                      },
                      "/index/*",
                    ],
                  ],
                },
                {
                  "Fn::Join": [
                    "",
                    [
                      "arn:aws:dynamodb:",
                      {
                        "Ref": "AWS::Region",
                      },
                      ":",
                      {
                        "Ref": "AWS::AccountId",
                      },
                      ":table/",
                      {
                        "Ref": "BannerDesignsDynamoTable",
                      },
                    ],
                  ],
                },
                {
                  "Fn::Join": [
                    "",
                    [
                      "arn:aws:dynamodb:",
                      {
                        "Ref": "AWS::Region",
                      },
                      ":",
                      {
                        "Ref": "AWS::AccountId",
                      },
                      ":table/",
                      {
                        "Ref": "BannerDesignsDynamoTable",
                      },
                      "/index/*",
                    ],
                  ],
                },
                {
                  "Fn::Join": [
                    "",
                    [
                      "arn:aws:dynamodb:",
                      {
                        "Ref": "AWS::Region",
                      },
                      ":",
                      {
                        "Ref": "AWS::AccountId",
                      },
                      ":table/",
                      {
                        "Ref": "ArchivedBannerDesignsDynamoTable",
                      },
                    ],
                  ],
                },
                {
                  "Fn::Join": [
                    "",
                    [
                      "arn:aws:dynamodb:",
                      {
                        "Ref": "AWS::Region",
                      },
                      ":",
                      {
                        "Ref": "AWS::AccountId",
                      },
                      ":table/",
                      {
                        "Ref": "ArchivedBannerDesignsDynamoTable",
                      },
                      "/index/*",
                    ],
                  ],
                },
                {
                  "Fn::Join": [
                    "",
                    [
                      "arn:aws:dynamodb:",
                      {
                        "Ref": "AWS::Region",
                      },
                      ":",
                      {
                        "Ref": "AWS::AccountId",
                      },
                      ":table/",
                      {
                        "Ref": "RRCPPermissionsDynamoTable",
                      },
                    ],
                  ],
                },
                {
                  "Fn::Join": [
                    "",
                    [
                      "arn:aws:dynamodb:",
                      {
                        "Ref": "AWS::Region",
                      },
                      ":",
                      {
                        "Ref": "AWS::AccountId",
                      },
                      ":table/",
                      {
                        "Ref": "RRCPPermissionsDynamoTable",
                      },
                      "/index/*",
                    ],
                  ],
                },
                {
                  "Fn::Join": [
                    "",
                    [
                      "arn:aws:dynamodb:",
                      {
                        "Ref": "AWS::Region",
                      },
                      ":",
                      {
                        "Ref": "AWS::AccountId",
                      },
                      ":table/super-mode-calculator-PROD",
                    ],
                  ],
                },
                {
                  "Fn::Join": [
                    "",
                    [
                      "arn:aws:dynamodb:",
                      {
                        "Ref": "AWS::Region",
                      },
                      ":",
                      {
                        "Ref": "AWS::AccountId",
                      },
                      ":table/super-mode-calculator-PROD/index/*",
                    ],
                  ],
                },
                {
                  "Fn::Join": [
                    "",
                    [
                      "arn:aws:dynamodb:",
                      {
                        "Ref": "AWS::Region",
                      },
                      ":",
                      {
                        "Ref": "AWS::AccountId",
                      },
                      ":table/support-bandit-PROD",
                    ],
                  ],
                },
                {
                  "Fn::Join": [
                    "",
                    [
                      "arn:aws:dynamodb:",
                      {
                        "Ref": "AWS::Region",
                      },
                      ":",
                      {
                        "Ref": "AWS::AccountId",
                      },
                      ":table/support-bandit-PROD/index/*",
                    ],
                  ],
                },
              ],
            },
          ],
          "Version": "2012-10-17",
        },
        "PolicyName": "DynamoReadPolicy15DC9FD5",
        "Roles": [
          {
            "Ref": "InstanceRoleAdminconsole347DA627",
          },
        ],
      },
      "Type": "AWS::IAM::Policy",
    },
    "DynamoWritePolicy408EF0D5": {
      "Properties": {
        "PolicyDocument": {
          "Statement": [
            {
              "Action": [
                "dynamodb:BatchWriteItem",
                "dynamodb:PutItem",
                "dynamodb:DeleteItem",
                "dynamodb:UpdateItem",
              ],
              "Effect": "Allow",
              "Resource": [
                {
                  "Fn::Join": [
                    "",
                    [
                      "arn:aws:dynamodb:",
                      {
                        "Ref": "AWS::Region",
                      },
                      ":",
                      {
                        "Ref": "AWS::AccountId",
                      },
                      ":table/",
                      {
                        "Ref": "ChannelTestsDynamoTable",
                      },
                    ],
                  ],
                },
                {
                  "Fn::Join": [
                    "",
                    [
                      "arn:aws:dynamodb:",
                      {
                        "Ref": "AWS::Region",
                      },
                      ":",
                      {
                        "Ref": "AWS::AccountId",
                      },
                      ":table/",
                      {
                        "Ref": "ChannelTestsDynamoTable",
                      },
                      "/index/*",
                    ],
                  ],
                },
                {
                  "Fn::Join": [
                    "",
                    [
                      "arn:aws:dynamodb:",
                      {
                        "Ref": "AWS::Region",
                      },
                      ":",
                      {
                        "Ref": "AWS::AccountId",
                      },
                      ":table/",
                      {
                        "Ref": "CampaignsDynamoTable",
                      },
                    ],
                  ],
                },
                {
                  "Fn::Join": [
                    "",
                    [
                      "arn:aws:dynamodb:",
                      {
                        "Ref": "AWS::Region",
                      },
                      ":",
                      {
                        "Ref": "AWS::AccountId",
                      },
                      ":table/",
                      {
                        "Ref": "CampaignsDynamoTable",
                      },
                      "/index/*",
                    ],
                  ],
                },
                {
                  "Fn::Join": [
                    "",
                    [
                      "arn:aws:dynamodb:",
                      {
                        "Ref": "AWS::Region",
                      },
                      ":",
                      {
                        "Ref": "AWS::AccountId",
                      },
                      ":table/",
                      {
                        "Ref": "ArchivedChannelTestsDynamoTable",
                      },
                    ],
                  ],
                },
                {
                  "Fn::Join": [
                    "",
                    [
                      "arn:aws:dynamodb:",
                      {
                        "Ref": "AWS::Region",
                      },
                      ":",
                      {
                        "Ref": "AWS::AccountId",
                      },
                      ":table/",
                      {
                        "Ref": "ArchivedChannelTestsDynamoTable",
                      },
                      "/index/*",
                    ],
                  ],
                },
                {
                  "Fn::Join": [
                    "",
                    [
                      "arn:aws:dynamodb:",
                      {
                        "Ref": "AWS::Region",
                      },
                      ":",
                      {
                        "Ref": "AWS::AccountId",
                      },
                      ":table/",
                      {
                        "Ref": "ChannelTestsAuditDynamoTable",
                      },
                    ],
                  ],
                },
                {
                  "Fn::Join": [
                    "",
                    [
                      "arn:aws:dynamodb:",
                      {
                        "Ref": "AWS::Region",
                      },
                      ":",
                      {
                        "Ref": "AWS::AccountId",
                      },
                      ":table/",
                      {
                        "Ref": "ChannelTestsAuditDynamoTable",
                      },
                      "/index/*",
                    ],
                  ],
                },
                {
                  "Fn::Join": [
                    "",
                    [
                      "arn:aws:dynamodb:",
                      {
                        "Ref": "AWS::Region",
                      },
                      ":",
                      {
                        "Ref": "AWS::AccountId",
                      },
                      ":table/",
                      {
                        "Ref": "BannerDesignsDynamoTable",
                      },
                    ],
                  ],
                },
                {
                  "Fn::Join": [
                    "",
                    [
                      "arn:aws:dynamodb:",
                      {
                        "Ref": "AWS::Region",
                      },
                      ":",
                      {
                        "Ref": "AWS::AccountId",
                      },
                      ":table/",
                      {
                        "Ref": "BannerDesignsDynamoTable",
                      },
                      "/index/*",
                    ],
                  ],
                },
                {
                  "Fn::Join": [
                    "",
                    [
                      "arn:aws:dynamodb:",
                      {
                        "Ref": "AWS::Region",
                      },
                      ":",
                      {
                        "Ref": "AWS::AccountId",
                      },
                      ":table/",
                      {
                        "Ref": "ArchivedBannerDesignsDynamoTable",
                      },
                    ],
                  ],
                },
                {
                  "Fn::Join": [
                    "",
                    [
                      "arn:aws:dynamodb:",
                      {
                        "Ref": "AWS::Region",
                      },
                      ":",
                      {
                        "Ref": "AWS::AccountId",
                      },
                      ":table/",
                      {
                        "Ref": "ArchivedBannerDesignsDynamoTable",
                      },
                      "/index/*",
                    ],
                  ],
                },
                {
                  "Fn::Join": [
                    "",
                    [
                      "arn:aws:dynamodb:",
                      {
                        "Ref": "AWS::Region",
                      },
                      ":",
                      {
                        "Ref": "AWS::AccountId",
                      },
                      ":table/",
                      {
                        "Ref": "RRCPPermissionsDynamoTable",
                      },
                    ],
                  ],
                },
                {
                  "Fn::Join": [
                    "",
                    [
                      "arn:aws:dynamodb:",
                      {
                        "Ref": "AWS::Region",
                      },
                      ":",
                      {
                        "Ref": "AWS::AccountId",
                      },
                      ":table/",
                      {
                        "Ref": "RRCPPermissionsDynamoTable",
                      },
                      "/index/*",
                    ],
                  ],
                },
              ],
            },
          ],
          "Version": "2012-10-17",
        },
        "PolicyName": "DynamoWritePolicy408EF0D5",
        "Roles": [
          {
            "Ref": "InstanceRoleAdminconsole347DA627",
          },
        ],
      },
      "Type": "AWS::IAM::Policy",
    },
    "GetDistributablePolicyAdminconsole6DA8CA46": {
      "Properties": {
        "PolicyDocument": {
          "Statement": [
            {
              "Action": "s3:GetObject",
              "Effect": "Allow",
              "Resource": {
                "Fn::Join": [
                  "",
                  [
                    "arn:aws:s3:::",
                    {
                      "Ref": "DistributionBucketName",
                    },
                    "/support/PROD/admin-console/*",
                  ],
                ],
              },
            },
          ],
          "Version": "2012-10-17",
        },
        "PolicyName": "GetDistributablePolicyAdminconsole6DA8CA46",
        "Roles": [
          {
            "Ref": "InstanceRoleAdminconsole347DA627",
          },
        ],
      },
      "Type": "AWS::IAM::Policy",
    },
    "GuHttpsEgressSecurityGroupAdminconsole2F77C5D2": {
      "Properties": {
        "GroupDescription": "Allow all outbound HTTPS traffic",
        "SecurityGroupEgress": [
          {
            "CidrIp": "0.0.0.0/0",
            "Description": "Allow all outbound HTTPS traffic",
            "FromPort": 443,
            "IpProtocol": "tcp",
            "ToPort": 443,
          },
        ],
        "Tags": [
          {
            "Key": "App",
            "Value": "admin-console",
          },
          {
            "Key": "gu:cdk:version",
            "Value": "TEST",
          },
          {
            "Key": "gu:repo",
            "Value": "guardian/support-admin-console",
          },
          {
            "Key": "Stack",
            "Value": "support",
          },
          {
            "Key": "Stage",
            "Value": "PROD",
          },
        ],
        "VpcId": {
          "Ref": "VpcId",
        },
      },
      "Type": "AWS::EC2::SecurityGroup",
    },
    "GuHttpsEgressSecurityGroupAdminconsolefromAdminConsoleLoadBalancerAdminconsoleSecurityGroup606D9E9F900031980AFE": {
      "Properties": {
        "Description": "Load balancer to target",
        "FromPort": 9000,
        "GroupId": {
          "Fn::GetAtt": [
            "GuHttpsEgressSecurityGroupAdminconsole2F77C5D2",
            "GroupId",
          ],
        },
        "IpProtocol": "tcp",
        "SourceSecurityGroupId": {
          "Fn::GetAtt": [
            "LoadBalancerAdminconsoleSecurityGroupE93D84AC",
            "GroupId",
          ],
        },
        "ToPort": 9000,
      },
      "Type": "AWS::EC2::SecurityGroupIngress",
    },
    "GuLogShippingPolicy981BFE5A": {
      "Properties": {
        "PolicyDocument": {
          "Statement": [
            {
              "Action": [
                "kinesis:Describe*",
                "kinesis:Put*",
              ],
              "Effect": "Allow",
              "Resource": {
                "Fn::Join": [
                  "",
                  [
                    "arn:aws:kinesis:",
                    {
                      "Ref": "AWS::Region",
                    },
                    ":",
                    {
                      "Ref": "AWS::AccountId",
                    },
                    ":stream/",
                    {
                      "Ref": "LoggingStreamName",
                    },
                  ],
                ],
              },
            },
          ],
          "Version": "2012-10-17",
        },
        "PolicyName": "GuLogShippingPolicy981BFE5A",
        "Roles": [
          {
            "Ref": "InstanceRoleAdminconsole347DA627",
          },
        ],
      },
      "Type": "AWS::IAM::Policy",
    },
    "High5xxPercentageAlarmAdminconsole274ADE37": {
      "Properties": {
        "ActionsEnabled": true,
        "AlarmActions": [
          {
            "Fn::Join": [
              "",
              [
                "arn:aws:sns:",
                {
                  "Ref": "AWS::Region",
                },
                ":",
                {
                  "Ref": "AWS::AccountId",
                },
                ":alarms-handler-topic-PROD",
              ],
            ],
          },
        ],
        "AlarmDescription": "admin-console exceeded 0% error rate",
        "AlarmName": "5XX error returned by admin-console PROD",
        "ComparisonOperator": "GreaterThanThreshold",
        "EvaluationPeriods": 1,
        "Metrics": [
          {
            "Expression": "100*(m1+m2)/m3",
            "Id": "expr_1",
            "Label": "% of 5XX responses served for admin-console (load balancer and instances combined)",
          },
          {
            "Id": "m1",
            "MetricStat": {
              "Metric": {
                "Dimensions": [
                  {
                    "Name": "LoadBalancer",
                    "Value": {
                      "Fn::GetAtt": [
                        "LoadBalancerAdminconsole69251694",
                        "LoadBalancerFullName",
                      ],
                    },
                  },
                ],
                "MetricName": "HTTPCode_ELB_5XX_Count",
                "Namespace": "AWS/ApplicationELB",
              },
              "Period": 60,
              "Stat": "Sum",
            },
            "ReturnData": false,
          },
          {
            "Id": "m2",
            "MetricStat": {
              "Metric": {
                "Dimensions": [
                  {
                    "Name": "LoadBalancer",
                    "Value": {
                      "Fn::GetAtt": [
                        "LoadBalancerAdminconsole69251694",
                        "LoadBalancerFullName",
                      ],
                    },
                  },
                ],
                "MetricName": "HTTPCode_Target_5XX_Count",
                "Namespace": "AWS/ApplicationELB",
              },
              "Period": 60,
              "Stat": "Sum",
            },
            "ReturnData": false,
          },
          {
            "Id": "m3",
            "MetricStat": {
              "Metric": {
                "Dimensions": [
                  {
                    "Name": "LoadBalancer",
                    "Value": {
                      "Fn::GetAtt": [
                        "LoadBalancerAdminconsole69251694",
                        "LoadBalancerFullName",
                      ],
                    },
                  },
                ],
                "MetricName": "RequestCount",
                "Namespace": "AWS/ApplicationELB",
              },
              "Period": 60,
              "Stat": "Sum",
            },
            "ReturnData": false,
          },
        ],
        "Tags": [
          {
            "Key": "gu:cdk:version",
            "Value": "TEST",
          },
          {
            "Key": "gu:repo",
            "Value": "guardian/support-admin-console",
          },
          {
            "Key": "Stack",
            "Value": "support",
          },
          {
            "Key": "Stage",
            "Value": "PROD",
          },
        ],
        "Threshold": 0,
        "TreatMissingData": "notBreaching",
      },
      "Type": "AWS::CloudWatch::Alarm",
    },
    "InstanceRoleAdminconsole347DA627": {
      "Properties": {
        "AssumeRolePolicyDocument": {
          "Statement": [
            {
              "Action": "sts:AssumeRole",
              "Effect": "Allow",
              "Principal": {
                "Service": "ec2.amazonaws.com",
              },
            },
          ],
          "Version": "2012-10-17",
        },
        "Path": "/",
        "Tags": [
          {
            "Key": "App",
            "Value": "admin-console",
          },
          {
            "Key": "gu:cdk:version",
            "Value": "TEST",
          },
          {
            "Key": "gu:repo",
            "Value": "guardian/support-admin-console",
          },
          {
            "Key": "Stack",
            "Value": "support",
          },
          {
            "Key": "Stage",
            "Value": "PROD",
          },
        ],
      },
      "Type": "AWS::IAM::Role",
    },
    "ListenerAdminconsole3E633904": {
      "Properties": {
        "Certificates": [
          {
            "CertificateArn": {
              "Ref": "CertificateAdminconsole74B584AB",
            },
          },
        ],
        "DefaultActions": [
          {
            "TargetGroupArn": {
              "Ref": "TargetGroupAdminconsole160A1621",
            },
            "Type": "forward",
          },
        ],
        "LoadBalancerArn": {
          "Ref": "LoadBalancerAdminconsole69251694",
        },
        "Port": 443,
        "Protocol": "HTTPS",
        "SslPolicy": "ELBSecurityPolicy-TLS13-1-2-2021-06",
      },
      "Type": "AWS::ElasticLoadBalancingV2::Listener",
    },
    "LoadBalancerAdminconsole69251694": {
      "Properties": {
        "LoadBalancerAttributes": [
          {
            "Key": "deletion_protection.enabled",
            "Value": "true",
          },
          {
            "Key": "routing.http.x_amzn_tls_version_and_cipher_suite.enabled",
            "Value": "true",
          },
          {
            "Key": "routing.http.drop_invalid_header_fields.enabled",
            "Value": "true",
          },
        ],
        "Scheme": "internet-facing",
        "SecurityGroups": [
          {
            "Fn::GetAtt": [
              "LoadBalancerAdminconsoleSecurityGroupE93D84AC",
              "GroupId",
            ],
          },
        ],
        "Subnets": {
          "Ref": "adminconsolePublicSubnets",
        },
        "Tags": [
          {
            "Key": "App",
            "Value": "admin-console",
          },
          {
            "Key": "gu:cdk:version",
            "Value": "TEST",
          },
          {
            "Key": "gu:repo",
            "Value": "guardian/support-admin-console",
          },
          {
            "Key": "Stack",
            "Value": "support",
          },
          {
            "Key": "Stage",
            "Value": "PROD",
          },
        ],
        "Type": "application",
      },
      "Type": "AWS::ElasticLoadBalancingV2::LoadBalancer",
    },
    "LoadBalancerAdminconsoleSecurityGroupE93D84AC": {
      "Properties": {
        "GroupDescription": "Automatically created Security Group for ELB AdminConsoleLoadBalancerAdminconsole64F16A33",
        "SecurityGroupIngress": [
          {
            "CidrIp": "0.0.0.0/0",
            "Description": "Allow from anyone on port 443",
            "FromPort": 443,
            "IpProtocol": "tcp",
            "ToPort": 443,
          },
        ],
        "Tags": [
          {
            "Key": "App",
            "Value": "admin-console",
          },
          {
            "Key": "gu:cdk:version",
            "Value": "TEST",
          },
          {
            "Key": "gu:repo",
            "Value": "guardian/support-admin-console",
          },
          {
            "Key": "Stack",
            "Value": "support",
          },
          {
            "Key": "Stage",
            "Value": "PROD",
          },
        ],
        "VpcId": {
          "Ref": "VpcId",
        },
      },
      "Type": "AWS::EC2::SecurityGroup",
    },
    "LoadBalancerAdminconsoleSecurityGrouptoAdminConsoleGuHttpsEgressSecurityGroupAdminconsole04293C9B9000EB39CE6F": {
      "Properties": {
        "Description": "Load balancer to target",
        "DestinationSecurityGroupId": {
          "Fn::GetAtt": [
            "GuHttpsEgressSecurityGroupAdminconsole2F77C5D2",
            "GroupId",
          ],
        },
        "FromPort": 9000,
        "GroupId": {
          "Fn::GetAtt": [
            "LoadBalancerAdminconsoleSecurityGroupE93D84AC",
            "GroupId",
          ],
        },
        "IpProtocol": "tcp",
        "ToPort": 9000,
      },
      "Type": "AWS::EC2::SecurityGroupEgress",
    },
    "LoadBalancerAdminconsoleSecurityGrouptoAdminConsoleWazuhSecurityGroupDAE23D8490004DE069B1": {
      "Properties": {
        "Description": "Load balancer to target",
        "DestinationSecurityGroupId": {
          "Fn::GetAtt": [
            "WazuhSecurityGroup",
            "GroupId",
          ],
        },
        "FromPort": 9000,
        "GroupId": {
          "Fn::GetAtt": [
            "LoadBalancerAdminconsoleSecurityGroupE93D84AC",
            "GroupId",
          ],
        },
        "IpProtocol": "tcp",
        "ToPort": 9000,
      },
      "Type": "AWS::EC2::SecurityGroupEgress",
    },
    "ParameterStoreReadAdminconsole9C23871C": {
      "Properties": {
        "PolicyDocument": {
          "Statement": [
            {
              "Action": "ssm:GetParametersByPath",
              "Effect": "Allow",
              "Resource": {
                "Fn::Join": [
                  "",
                  [
                    "arn:aws:ssm:",
                    {
                      "Ref": "AWS::Region",
                    },
                    ":",
                    {
                      "Ref": "AWS::AccountId",
                    },
                    ":parameter/PROD/support/admin-console",
                  ],
                ],
              },
            },
            {
              "Action": [
                "ssm:GetParameters",
                "ssm:GetParameter",
              ],
              "Effect": "Allow",
              "Resource": {
                "Fn::Join": [
                  "",
                  [
                    "arn:aws:ssm:",
                    {
                      "Ref": "AWS::Region",
                    },
                    ":",
                    {
                      "Ref": "AWS::AccountId",
                    },
                    ":parameter/PROD/support/admin-console/*",
                  ],
                ],
              },
            },
          ],
          "Version": "2012-10-17",
        },
        "PolicyName": "parameter-store-read-policy",
        "Roles": [
          {
            "Ref": "InstanceRoleAdminconsole347DA627",
          },
        ],
      },
      "Type": "AWS::IAM::Policy",
    },
    "PublicSettingsBucketPut4D9A09A1": {
      "Properties": {
        "PolicyDocument": {
          "Statement": [
            {
              "Action": [
                "s3:PutObject",
                "s3:PutObjectAcl",
              ],
              "Effect": "Allow",
              "Resource": [
                "arn:aws:s3:::gu-contributions-public/epic/PROD/*",
                "arn:aws:s3:::gu-contributions-public/banner/PROD/*",
                "arn:aws:s3:::gu-contributions-public/header/PROD/*",
                "arn:aws:s3:::gu-contributions-public/gutter/PROD/*",
                "arn:aws:s3:::gu-contributions-public/supportLandingPage/PROD/*",
              ],
            },
          ],
          "Version": "2012-10-17",
        },
        "PolicyName": "PublicSettingsBucketPut4D9A09A1",
        "Roles": [
          {
            "Ref": "InstanceRoleAdminconsole347DA627",
          },
        ],
      },
      "Type": "AWS::IAM::Policy",
    },
    "RRCPPermissionsDynamoTable": {
      "DeletionPolicy": "Retain",
      "Properties": {
        "AttributeDefinitions": [
          {
            "AttributeName": "email",
            "AttributeType": "S",
          },
        ],
        "BillingMode": "PAY_PER_REQUEST",
        "KeySchema": [
          {
            "AttributeName": "email",
            "KeyType": "HASH",
          },
        ],
        "PointInTimeRecoverySpecification": {
          "PointInTimeRecoveryEnabled": true,
        },
        "TableName": "support-admin-console-permissions-PROD",
        "Tags": [
          {
            "Key": "devx-backup-enabled",
            "Value": "true",
          },
          {
            "Key": "gu:cdk:version",
            "Value": "TEST",
          },
          {
            "Key": "gu:repo",
            "Value": "guardian/support-admin-console",
          },
          {
            "Key": "Stack",
            "Value": "support",
          },
          {
            "Key": "Stage",
            "Value": "PROD",
          },
        ],
      },
      "Type": "AWS::DynamoDB::Table",
      "UpdateReplacePolicy": "Retain",
    },
    "SSMGetF4C837D5": {
      "Properties": {
        "PolicyDocument": {
          "Statement": [
            {
              "Action": "ssm:GetParametersByPath",
              "Effect": "Allow",
              "Resource": {
                "Fn::Join": [
                  "",
                  [
                    "arn:aws:ssm:",
                    {
                      "Ref": "AWS::Region",
                    },
                    ":",
                    {
                      "Ref": "AWS::AccountId",
                    },
                    ":parameter/admin-console/PROD",
                  ],
                ],
              },
            },
          ],
          "Version": "2012-10-17",
        },
        "PolicyName": "SSMGetF4C837D5",
        "Roles": [
          {
            "Ref": "InstanceRoleAdminconsole347DA627",
          },
        ],
      },
      "Type": "AWS::IAM::Policy",
    },
    "SettingsBucketGet3389C916": {
      "Properties": {
        "PolicyDocument": {
          "Statement": [
            {
              "Action": "s3:GetObject",
              "Effect": "Allow",
              "Resource": [
                "arn:aws:s3:::support-admin-console/PROD/*",
                "arn:aws:s3:::support-admin-console/google-auth-service-account-certificate.json",
              ],
            },
          ],
          "Version": "2012-10-17",
        },
        "PolicyName": "SettingsBucketGet3389C916",
        "Roles": [
          {
            "Ref": "InstanceRoleAdminconsole347DA627",
          },
        ],
      },
      "Type": "AWS::IAM::Policy",
    },
    "SettingsBucketPut45E58A86": {
      "Properties": {
        "PolicyDocument": {
          "Statement": [
            {
              "Action": "s3:PutObject",
              "Effect": "Allow",
              "Resource": "arn:aws:s3:::support-admin-console/PROD/*",
            },
          ],
          "Version": "2012-10-17",
        },
        "PolicyName": "SettingsBucketPut45E58A86",
        "Roles": [
          {
            "Ref": "InstanceRoleAdminconsole347DA627",
          },
        ],
      },
      "Type": "AWS::IAM::Policy",
    },
    "SsmSshPolicy4CFC977E": {
      "Properties": {
        "PolicyDocument": {
          "Statement": [
            {
              "Action": [
                "ec2messages:AcknowledgeMessage",
                "ec2messages:DeleteMessage",
                "ec2messages:FailMessage",
                "ec2messages:GetEndpoint",
                "ec2messages:GetMessages",
                "ec2messages:SendReply",
                "ssm:UpdateInstanceInformation",
                "ssm:ListInstanceAssociations",
                "ssm:DescribeInstanceProperties",
                "ssm:DescribeDocumentParameters",
                "ssmmessages:CreateControlChannel",
                "ssmmessages:CreateDataChannel",
                "ssmmessages:OpenControlChannel",
                "ssmmessages:OpenDataChannel",
              ],
              "Effect": "Allow",
              "Resource": "*",
            },
          ],
          "Version": "2012-10-17",
        },
        "PolicyName": "ssm-ssh-policy",
        "Roles": [
          {
            "Ref": "InstanceRoleAdminconsole347DA627",
          },
        ],
      },
      "Type": "AWS::IAM::Policy",
    },
    "TargetGroupAdminconsole160A1621": {
      "Properties": {
        "HealthCheckIntervalSeconds": 10,
        "HealthCheckPath": "/healthcheck",
        "HealthCheckProtocol": "HTTP",
        "HealthCheckTimeoutSeconds": 5,
        "HealthyThresholdCount": 5,
        "Port": 9000,
        "Protocol": "HTTP",
        "Tags": [
          {
            "Key": "App",
            "Value": "admin-console",
          },
          {
            "Key": "gu:cdk:version",
            "Value": "TEST",
          },
          {
            "Key": "gu:repo",
            "Value": "guardian/support-admin-console",
          },
          {
            "Key": "Stack",
            "Value": "support",
          },
          {
            "Key": "Stage",
            "Value": "PROD",
          },
        ],
        "TargetGroupAttributes": [
          {
            "Key": "deregistration_delay.timeout_seconds",
            "Value": "30",
          },
          {
            "Key": "stickiness.enabled",
            "Value": "false",
          },
        ],
        "TargetType": "instance",
        "UnhealthyThresholdCount": 2,
        "VpcId": {
          "Ref": "VpcId",
        },
      },
      "Type": "AWS::ElasticLoadBalancingV2::TargetGroup",
    },
    "UnhealthyInstancesAlarmAdminconsoleF0C5DFCF": {
      "Properties": {
        "ActionsEnabled": true,
        "AlarmActions": [
          {
            "Fn::Join": [
              "",
              [
                "arn:aws:sns:",
                {
                  "Ref": "AWS::Region",
                },
                ":",
                {
                  "Ref": "AWS::AccountId",
                },
                ":alarms-handler-topic-PROD",
              ],
            ],
          },
        ],
        "AlarmDescription": "admin-console's instances have failed healthchecks several times over the last 1 hour.
      This typically results in the AutoScaling Group cycling instances and can lead to problems with deployment,
      scaling or handling traffic spikes.

      Check admin-console's application logs or ssh onto an unhealthy instance in order to debug these problems.",
        "AlarmName": "Unhealthy instances for admin-console in PROD",
        "ComparisonOperator": "GreaterThanOrEqualToThreshold",
        "DatapointsToAlarm": 30,
        "Dimensions": [
          {
            "Name": "LoadBalancer",
            "Value": {
              "Fn::Join": [
                "",
                [
                  {
                    "Fn::Select": [
                      1,
                      {
                        "Fn::Split": [
                          "/",
                          {
                            "Ref": "ListenerAdminconsole3E633904",
                          },
                        ],
                      },
                    ],
                  },
                  "/",
                  {
                    "Fn::Select": [
                      2,
                      {
                        "Fn::Split": [
                          "/",
                          {
                            "Ref": "ListenerAdminconsole3E633904",
                          },
                        ],
                      },
                    ],
                  },
                  "/",
                  {
                    "Fn::Select": [
                      3,
                      {
                        "Fn::Split": [
                          "/",
                          {
                            "Ref": "ListenerAdminconsole3E633904",
                          },
                        ],
                      },
                    ],
                  },
                ],
              ],
            },
          },
          {
            "Name": "TargetGroup",
            "Value": {
              "Fn::GetAtt": [
                "TargetGroupAdminconsole160A1621",
                "TargetGroupFullName",
              ],
            },
          },
        ],
        "EvaluationPeriods": 60,
        "MetricName": "UnHealthyHostCount",
        "Namespace": "AWS/ApplicationELB",
        "Period": 60,
        "Statistic": "Maximum",
        "Tags": [
          {
            "Key": "gu:cdk:version",
            "Value": "TEST",
          },
          {
            "Key": "gu:repo",
            "Value": "guardian/support-admin-console",
          },
          {
            "Key": "Stack",
            "Value": "support",
          },
          {
            "Key": "Stage",
            "Value": "PROD",
          },
        ],
        "Threshold": 1,
        "TreatMissingData": "notBreaching",
      },
      "Type": "AWS::CloudWatch::Alarm",
    },
    "WazuhSecurityGroup": {
      "Properties": {
        "GroupDescription": "Allow outbound traffic from wazuh agent to manager",
        "SecurityGroupEgress": [
          {
            "CidrIp": "0.0.0.0/0",
            "Description": "Wazuh event logging",
            "FromPort": 1514,
            "IpProtocol": "tcp",
            "ToPort": 1514,
          },
          {
            "CidrIp": "0.0.0.0/0",
            "Description": "Wazuh agent registration",
            "FromPort": 1515,
            "IpProtocol": "tcp",
            "ToPort": 1515,
          },
        ],
        "Tags": [
          {
            "Key": "gu:cdk:version",
            "Value": "TEST",
          },
          {
            "Key": "gu:repo",
            "Value": "guardian/support-admin-console",
          },
          {
            "Key": "Stack",
            "Value": "support",
          },
          {
            "Key": "Stage",
            "Value": "PROD",
          },
        ],
        "VpcId": {
          "Ref": "VpcId",
        },
      },
      "Type": "AWS::EC2::SecurityGroup",
    },
    "WazuhSecurityGroupfromAdminConsoleLoadBalancerAdminconsoleSecurityGroup606D9E9F90006E5FA438": {
      "Properties": {
        "Description": "Load balancer to target",
        "FromPort": 9000,
        "GroupId": {
          "Fn::GetAtt": [
            "WazuhSecurityGroup",
            "GroupId",
          ],
        },
        "IpProtocol": "tcp",
        "SourceSecurityGroupId": {
          "Fn::GetAtt": [
            "LoadBalancerAdminconsoleSecurityGroupE93D84AC",
            "GroupId",
          ],
        },
        "ToPort": 9000,
      },
      "Type": "AWS::EC2::SecurityGroupIngress",
    },
    "capirole2BC59B5B": {
      "Properties": {
        "AssumeRolePolicyDocument": {
          "Statement": [
            {
              "Action": "sts:AssumeRole",
              "Effect": "Allow",
              "Principal": {
                "AWS": {
                  "Fn::Join": [
                    "",
                    [
                      "arn:",
                      {
                        "Ref": "AWS::Partition",
                      },
                      ":iam::",
                      {
                        "Ref": "CapiAccountId",
                      },
                      ":root",
                    ],
                  ],
                },
              },
            },
          ],
          "Version": "2012-10-17",
        },
        "Policies": [
          {
            "PolicyDocument": {
              "Statement": [
                {
                  "Action": [
                    "dynamodb:BatchGetItem",
                    "dynamodb:GetItem",
                    "dynamodb:Scan",
                    "dynamodb:Query",
                    "dynamodb:GetRecords",
                  ],
                  "Effect": "Allow",
                  "Resource": [
                    {
                      "Fn::Join": [
                        "",
                        [
                          "arn:aws:dynamodb:",
                          {
                            "Ref": "AWS::Region",
                          },
                          ":",
                          {
                            "Ref": "AWS::AccountId",
                          },
                          ":table/",
                          {
                            "Ref": "ChannelTestsDynamoTable",
                          },
                        ],
                      ],
                    },
                    {
                      "Fn::Join": [
                        "",
                        [
                          "arn:aws:dynamodb:",
                          {
                            "Ref": "AWS::Region",
                          },
                          ":",
                          {
                            "Ref": "AWS::AccountId",
                          },
                          ":table/",
                          {
                            "Ref": "ChannelTestsDynamoTable",
                          },
                          "/index/*",
                        ],
                      ],
                    },
                  ],
                },
              ],
              "Version": "2012-10-17",
            },
            "PolicyName": "dynamoPolicyForCapi",
          },
          {
            "PolicyDocument": {
              "Statement": [
                {
                  "Action": "s3:GetObject",
                  "Effect": "Allow",
                  "Resource": [
                    "arn:aws:s3:::support-admin-console/PROD/*",
                    "arn:aws:s3:::support-admin-console/channel-switches.json",
                  ],
                },
              ],
              "Version": "2012-10-17",
            },
            "PolicyName": "s3ReadPolicyForCapi",
          },
        ],
        "RoleName": "support-admin-console-channel-tests-capi-role-PROD",
        "Tags": [
          {
            "Key": "gu:cdk:version",
            "Value": "TEST",
          },
          {
            "Key": "gu:repo",
            "Value": "guardian/support-admin-console",
          },
          {
            "Key": "Stack",
            "Value": "support",
          },
          {
            "Key": "Stage",
            "Value": "PROD",
          },
        ],
      },
      "Type": "AWS::IAM::Role",
    },
    "cname": {
      "Properties": {
        "Name": "support.gutools.co.uk",
        "RecordType": "CNAME",
        "ResourceRecords": [
          {
            "Fn::GetAtt": [
              "LoadBalancerAdminconsole69251694",
              "DNSName",
            ],
          },
        ],
        "Stage": "PROD",
        "TTL": 3600,
      },
      "Type": "Guardian::DNS::RecordSet",
    },
    "supportPRODadminconsoleBBAF00DB": {
      "DependsOn": [
        "InstanceRoleAdminconsole347DA627",
      ],
      "Properties": {
        "LaunchTemplateData": {
          "IamInstanceProfile": {
            "Arn": {
              "Fn::GetAtt": [
                "supportPRODadminconsoleProfile82C4E682",
                "Arn",
              ],
            },
          },
          "ImageId": {
            "Ref": "AMIAdminconsole",
          },
          "InstanceType": "t4g.micro",
          "MetadataOptions": {
            "HttpTokens": "required",
            "InstanceMetadataTags": "enabled",
          },
          "SecurityGroupIds": [
            {
              "Fn::GetAtt": [
                "GuHttpsEgressSecurityGroupAdminconsole2F77C5D2",
                "GroupId",
              ],
            },
            {
              "Fn::GetAtt": [
                "WazuhSecurityGroup",
                "GroupId",
              ],
            },
          ],
          "TagSpecifications": [
            {
              "ResourceType": "instance",
              "Tags": [
                {
                  "Key": "App",
                  "Value": "admin-console",
                },
                {
                  "Key": "gu:cdk:version",
                  "Value": "TEST",
                },
                {
                  "Key": "gu:repo",
                  "Value": "guardian/support-admin-console",
                },
                {
                  "Key": "Name",
                  "Value": "AdminConsole/support-PROD-admin-console",
                },
                {
                  "Key": "Stack",
                  "Value": "support",
                },
                {
                  "Key": "Stage",
                  "Value": "PROD",
                },
              ],
            },
            {
              "ResourceType": "volume",
              "Tags": [
                {
                  "Key": "App",
                  "Value": "admin-console",
                },
                {
                  "Key": "gu:cdk:version",
                  "Value": "TEST",
                },
                {
                  "Key": "gu:repo",
                  "Value": "guardian/support-admin-console",
                },
                {
                  "Key": "Name",
                  "Value": "AdminConsole/support-PROD-admin-console",
                },
                {
                  "Key": "Stack",
                  "Value": "support",
                },
                {
                  "Key": "Stage",
                  "Value": "PROD",
                },
              ],
            },
          ],
          "UserData": {
            "Fn::Base64": {
              "Fn::Join": [
                "",
                [
                  "#!/bin/bash
aws --region ",
                  {
                    "Ref": "AWS::Region",
                  },
                  " s3 cp s3://membership-dist/support/PROD/admin-console/support-admin-console_1.0-SNAPSHOT_all.deb /tmp
      dpkg -i /tmp/support-admin-console_1.0-SNAPSHOT_all.deb
      /opt/cloudwatch-logs/configure-logs application support PROD admin-console /var/log/support-admin-console/application.log",
                ],
              ],
            },
          },
        },
        "TagSpecifications": [
          {
            "ResourceType": "launch-template",
            "Tags": [
              {
                "Key": "App",
                "Value": "admin-console",
              },
              {
                "Key": "gu:cdk:version",
                "Value": "TEST",
              },
              {
                "Key": "gu:repo",
                "Value": "guardian/support-admin-console",
              },
              {
                "Key": "Name",
                "Value": "AdminConsole/support-PROD-admin-console",
              },
              {
                "Key": "Stack",
                "Value": "support",
              },
              {
                "Key": "Stage",
                "Value": "PROD",
              },
            ],
          },
        ],
      },
      "Type": "AWS::EC2::LaunchTemplate",
    },
    "supportPRODadminconsoleProfile82C4E682": {
      "Properties": {
        "Roles": [
          {
            "Ref": "InstanceRoleAdminconsole347DA627",
          },
        ],
      },
      "Type": "AWS::IAM::InstanceProfile",
    },
  },
}
`;
